Archive member included to satisfy reference by file (symbol)

d:/mrs/mounriver/mounriver_studio/toolchain/risc-v embedded gcc/bin/../lib/gcc/riscv-none-embed/8.2.0/../../../../riscv-none-embed/lib/rv32imac/ilp32\libg_nano.a(lib_a-memset.o)
                              ./User/lcd.o (memset)
d:/mrs/mounriver/mounriver_studio/toolchain/risc-v embedded gcc/bin/../lib/gcc/riscv-none-embed/8.2.0/../../../../riscv-none-embed/lib/rv32imac/ilp32\libg_nano.a(lib_a-printf.o)
                              ./User/lcd.o (printf)
d:/mrs/mounriver/mounriver_studio/toolchain/risc-v embedded gcc/bin/../lib/gcc/riscv-none-embed/8.2.0/../../../../riscv-none-embed/lib/rv32imac/ilp32\libg_nano.a(lib_a-putchar.o)
                              ./User/main.o (putchar)
d:/mrs/mounriver/mounriver_studio/toolchain/risc-v embedded gcc/bin/../lib/gcc/riscv-none-embed/8.2.0/../../../../riscv-none-embed/lib/rv32imac/ilp32\libg_nano.a(lib_a-puts.o)
                              ./User/main.o (puts)
d:/mrs/mounriver/mounriver_studio/toolchain/risc-v embedded gcc/bin/../lib/gcc/riscv-none-embed/8.2.0/../../../../riscv-none-embed/lib/rv32imac/ilp32\libg_nano.a(lib_a-strchr.o)
                              ./User/main.o (strchr)
d:/mrs/mounriver/mounriver_studio/toolchain/risc-v embedded gcc/bin/../lib/gcc/riscv-none-embed/8.2.0/../../../../riscv-none-embed/lib/rv32imac/ilp32\libg_nano.a(lib_a-strcpy.o)
                              ./User/main.o (strcpy)
d:/mrs/mounriver/mounriver_studio/toolchain/risc-v embedded gcc/bin/../lib/gcc/riscv-none-embed/8.2.0/../../../../riscv-none-embed/lib/rv32imac/ilp32\libg_nano.a(lib_a-strncpy.o)
                              ./User/main.o (strncpy)
d:/mrs/mounriver/mounriver_studio/toolchain/risc-v embedded gcc/bin/../lib/gcc/riscv-none-embed/8.2.0/../../../../riscv-none-embed/lib/rv32imac/ilp32\libg_nano.a(lib_a-strstr.o)
                              ./User/main.o (strstr)
d:/mrs/mounriver/mounriver_studio/toolchain/risc-v embedded gcc/bin/../lib/gcc/riscv-none-embed/8.2.0/../../../../riscv-none-embed/lib/rv32imac/ilp32\libg_nano.a(lib_a-vsnprintf.o)
                              ./User/lcd.o (vsnprintf)
d:/mrs/mounriver/mounriver_studio/toolchain/risc-v embedded gcc/bin/../lib/gcc/riscv-none-embed/8.2.0/../../../../riscv-none-embed/lib/rv32imac/ilp32\libg_nano.a(lib_a-wbuf.o)
                              d:/mrs/mounriver/mounriver_studio/toolchain/risc-v embedded gcc/bin/../lib/gcc/riscv-none-embed/8.2.0/../../../../riscv-none-embed/lib/rv32imac/ilp32\libg_nano.a(lib_a-puts.o) (__swbuf_r)
d:/mrs/mounriver/mounriver_studio/toolchain/risc-v embedded gcc/bin/../lib/gcc/riscv-none-embed/8.2.0/../../../../riscv-none-embed/lib/rv32imac/ilp32\libg_nano.a(lib_a-wsetup.o)
                              d:/mrs/mounriver/mounriver_studio/toolchain/risc-v embedded gcc/bin/../lib/gcc/riscv-none-embed/8.2.0/../../../../riscv-none-embed/lib/rv32imac/ilp32\libg_nano.a(lib_a-puts.o) (__swsetup_r)
d:/mrs/mounriver/mounriver_studio/toolchain/risc-v embedded gcc/bin/../lib/gcc/riscv-none-embed/8.2.0/../../../../riscv-none-embed/lib/rv32imac/ilp32\libg_nano.a(lib_a-fflush.o)
                              d:/mrs/mounriver/mounriver_studio/toolchain/risc-v embedded gcc/bin/../lib/gcc/riscv-none-embed/8.2.0/../../../../riscv-none-embed/lib/rv32imac/ilp32\libg_nano.a(lib_a-wbuf.o) (_fflush_r)
d:/mrs/mounriver/mounriver_studio/toolchain/risc-v embedded gcc/bin/../lib/gcc/riscv-none-embed/8.2.0/../../../../riscv-none-embed/lib/rv32imac/ilp32\libg_nano.a(lib_a-findfp.o)
                              d:/mrs/mounriver/mounriver_studio/toolchain/risc-v embedded gcc/bin/../lib/gcc/riscv-none-embed/8.2.0/../../../../riscv-none-embed/lib/rv32imac/ilp32\libg_nano.a(lib_a-printf.o) (__sinit)
d:/mrs/mounriver/mounriver_studio/toolchain/risc-v embedded gcc/bin/../lib/gcc/riscv-none-embed/8.2.0/../../../../riscv-none-embed/lib/rv32imac/ilp32\libg_nano.a(lib_a-fwalk.o)
                              d:/mrs/mounriver/mounriver_studio/toolchain/risc-v embedded gcc/bin/../lib/gcc/riscv-none-embed/8.2.0/../../../../riscv-none-embed/lib/rv32imac/ilp32\libg_nano.a(lib_a-findfp.o) (_fwalk)
d:/mrs/mounriver/mounriver_studio/toolchain/risc-v embedded gcc/bin/../lib/gcc/riscv-none-embed/8.2.0/../../../../riscv-none-embed/lib/rv32imac/ilp32\libg_nano.a(lib_a-impure.o)
                              d:/mrs/mounriver/mounriver_studio/toolchain/risc-v embedded gcc/bin/../lib/gcc/riscv-none-embed/8.2.0/../../../../riscv-none-embed/lib/rv32imac/ilp32\libg_nano.a(lib_a-fflush.o) (_global_impure_ptr)
d:/mrs/mounriver/mounriver_studio/toolchain/risc-v embedded gcc/bin/../lib/gcc/riscv-none-embed/8.2.0/../../../../riscv-none-embed/lib/rv32imac/ilp32\libg_nano.a(lib_a-makebuf.o)
                              d:/mrs/mounriver/mounriver_studio/toolchain/risc-v embedded gcc/bin/../lib/gcc/riscv-none-embed/8.2.0/../../../../riscv-none-embed/lib/rv32imac/ilp32\libg_nano.a(lib_a-wsetup.o) (__smakebuf_r)
[...]
Memory Configuration

Name             Origin             Length             Attributes
FLASH            0x0000000000000000 0x0000000000048000 xr
RAM              0x0000000020000000 0x0000000000008000 xrw
*default*        0x0000000000000000 0xffffffffffffffff

Linker script and memory map

LOAD ./User/ch32v30x_it.o
LOAD ./User/lcd.o
LOAD ./User/main.o
LOAD ./User/system_ch32v30x.o
LOAD ./Startup/startup_ch32v30x_D8C.o
LOAD ./Peripheral/src/ch32v30x_adc.o
LOAD ./Peripheral/src/ch32v30x_bkp.o
LOAD ./Peripheral/src/ch32v30x_can.o
LOAD ./Peripheral/src/ch32v30x_crc.o
LOAD ./Peripheral/src/ch32v30x_dac.o
LOAD ./Peripheral/src/ch32v30x_dbgmcu.o
LOAD ./Peripheral/src/ch32v30x_dma.o
LOAD ./Peripheral/src/ch32v30x_dvp.o
LOAD ./Peripheral/src/ch32v30x_eth.o
LOAD ./Peripheral/src/ch32v30x_exti.o
LOAD ./Peripheral/src/ch32v30x_flash.o
LOAD ./Peripheral/src/ch32v30x_fsmc.o
LOAD ./Peripheral/src/ch32v30x_gpio.o
LOAD ./Peripheral/src/ch32v30x_i2c.o
LOAD ./Peripheral/src/ch32v30x_iwdg.o
LOAD ./Peripheral/src/ch32v30x_misc.o
LOAD ./Peripheral/src/ch32v30x_opa.o
LOAD ./Peripheral/src/ch32v30x_pwr.o
LOAD ./Peripheral/src/ch32v30x_rcc.o
LOAD ./Peripheral/src/ch32v30x_rng.o
LOAD ./Peripheral/src/ch32v30x_rtc.o
LOAD ./Peripheral/src/ch32v30x_sdio.o
LOAD ./Peripheral/src/ch32v30x_spi.o
LOAD ./Peripheral/src/ch32v30x_tim.o
LOAD ./Peripheral/src/ch32v30x_usart.o
LOAD ./Peripheral/src/ch32v30x_wwdg.o
LOAD ./Debug/debug.o
LOAD ./Core/core_riscv.o
LOAD d:/mrs/mounriver/mounriver_studio/toolchain/risc-v embedded gcc/bin/../lib/gcc/riscv-none-embed/8.2.0/rv32imac/ilp32\libgcc.a
LOAD d:/mrs/mounriver/mounriver_studio/toolchain/risc-v embedded gcc/bin/../lib/gcc/riscv-none-embed/8.2.0/../../../../riscv-none-embed/lib/rv32imac/ilp32\libg_nano.a
LOAD d:/mrs/mounriver/mounriver_studio/toolchain/risc-v embedded gcc/bin/../lib/gcc/riscv-none-embed/8.2.0/../../../../riscv-none-embed/lib/rv32imac/ilp32\libc_nano.a
LOAD d:/mrs/mounriver/mounriver_studio/toolchain/risc-v embedded gcc/bin/../lib/gcc/riscv-none-embed/8.2.0/rv32imac/ilp32\libgcc.a
START GROUP
LOAD d:/mrs/mounriver/mounriver_studio/toolchain/risc-v embedded gcc/bin/../lib/gcc/riscv-none-embed/8.2.0/rv32imac/ilp32\libgcc.a
LOAD d:/mrs/mounriver/mounriver_studio/toolchain/risc-v embedded gcc/bin/../lib/gcc/riscv-none-embed/8.2.0/../../../../riscv-none-embed/lib/rv32imac/ilp32\libc_nano.a
LOAD d:/mrs/mounriver/mounriver_studio/toolchain/risc-v embedded gcc/bin/../lib/gcc/riscv-none-embed/8.2.0/../../../../riscv-none-embed/lib/rv32imac/ilp32\libnosys.a
END GROUP
START GROUP
LOAD d:/mrs/mounriver/mounriver_studio/toolchain/risc-v embedded gcc/bin/../lib/gcc/riscv-none-embed/8.2.0/rv32imac/ilp32\libgcc.a
LOAD d:/mrs/mounriver/mounriver_studio/toolchain/risc-v embedded gcc/bin/../lib/gcc/riscv-none-embed/8.2.0/../../../../riscv-none-embed/lib/rv32imac/ilp32\libc_nano.a
LOAD d:/mrs/mounriver/mounriver_studio/toolchain/risc-v embedded gcc/bin/../lib/gcc/riscv-none-embed/8.2.0/../../../../riscv-none-embed/lib/rv32imac/ilp32\libnosys.a
END GROUP
                0x0000000000000800                __stack_size = 0x800
                [!provide]                        PROVIDE (_stack_size = __stack_size)

.init           0x0000000000000000       0x38
                0x0000000000000000                _sinit = .
                0x0000000000000000                . = ALIGN (0x4)
 *(SORT_NONE(.init))
 .init          0x0000000000000000       0x38 ./Startup/startup_ch32v30x_D8C.o
                0x0000000000000000                _start
                0x0000000000000038                . = ALIGN (0x4)
                0x0000000000000038                _einit = .

.vector         0x0000000000000038      0x1c8
 *(.vector)
 .vector        0x0000000000000038      0x1a0 ./Startup/startup_ch32v30x_D8C.o
                0x0000000000000200                . = ALIGN (0x40)
 *fill*         0x00000000000001d8       0x28 

.text           0x0000000000000200     0x65ac
                0x0000000000000200                . = ALIGN (0x4)
 *(.text)
 .text          0x0000000000000200       0xa8 d:/mrs/mounriver/mounriver_studio/toolchain/risc-v embedded gcc/bin/../lib/gcc/riscv-none-embed/8.2.0/../../../../riscv-none-embed/lib/rv32imac/ilp32\libg_nano.a(lib_a-memset.o)
                0x0000000000000200                memset
 *(.text.*)
 .text.NMI_Handler
                0x00000000000002a8        0x4 ./User/ch32v30x_it.o
                0x00000000000002a8                NMI_Handler
 .text.HardFault_Handler
                0x00000000000002ac        0x2 ./User/ch32v30x_it.o
                0x00000000000002ac                HardFault_Handler
 .text.lcd_write_half_word
                0x00000000000002ae       0x16 ./User/lcd.o
                0x00000000000002ae                lcd_write_half_word
 .text.lcd_read_data
                0x00000000000002c4       0x1a ./User/lcd.o
                0x00000000000002c4                lcd_read_data
 .text.lcd_fsmc_init
                0x00000000000002de      0x11c ./User/lcd.o
                0x00000000000002de                lcd_fsmc_init
 .text.TIM1_PWMOut_Init
                0x00000000000003fa       0x76 ./User/lcd.o
                0x00000000000003fa                TIM1_PWMOut_Init
 .text.lcd_gpio_init
                0x0000000000000470       0x48 ./User/lcd.o
                0x0000000000000470                lcd_gpio_init
 .text.lcd_set_color
                0x00000000000004b8        0xe ./User/lcd.o
                0x00000000000004b8                lcd_set_color
 .text.lcd_address_set
                0x00000000000004c6       0x5e ./User/lcd.o
                0x00000000000004c6                lcd_address_set
 .text.lcd_clear
                0x0000000000000524       0x4c ./User/lcd.o
                0x0000000000000524                lcd_clear
 .text.lcd_init
                0x0000000000000570      0x1dc ./User/lcd.o
                0x0000000000000570                lcd_init
 .text.lcd_show_char
                0x000000000000074c      0x1ac ./User/lcd.o
                0x000000000000074c                lcd_show_char
 .text.lcd_show_string
                0x00000000000008f8       0xcc ./User/lcd.o
                0x00000000000008f8                lcd_show_string
 .text.USARTx_CFG
                0x00000000000009c4       0x88 ./User/main.o
                0x00000000000009c4                USARTx_CFG
 .text.DMA_INIT
                0x0000000000000a4c       0x74 ./User/main.o
                0x0000000000000a4c                DMA_INIT
 .text.uartWriteWiFi
                0x0000000000000ac0       0x5a ./User/main.o
                0x0000000000000ac0                uartWriteWiFi
 .text.uartWriteWiFiStr
                0x0000000000000b1a       0x16 ./User/main.o
                0x0000000000000b1a                uartWriteWiFiStr
 .text.uartReadWiFi
                0x0000000000000b30       0x80 ./User/main.o
                0x0000000000000b30                uartReadWiFi
 .text.uartAvailableWiFi
                0x0000000000000bb0       0x36 ./User/main.o
                0x0000000000000bb0                uartAvailableWiFi
 .text.TIM6_Init
                0x0000000000000be6       0x5a ./User/main.o
                0x0000000000000be6                TIM6_Init
 .text.Interrupt_Init
                0x0000000000000c40       0x26 ./User/main.o
                0x0000000000000c40                Interrupt_Init
 .text.system_time_increase
                0x0000000000000c66       0x72 ./User/main.o
                0x0000000000000c66                system_time_increase
 .text.get_true_time
                0x0000000000000cd8      0x1b6 ./User/main.o
                0x0000000000000cd8                get_true_time
 .text.startup.main
                0x0000000000000e8e      0x220 ./User/main.o
                0x0000000000000e8e                main
 .text.TIM6_IRQHandler
                0x00000000000010ae       0x10 ./User/main.o
                0x00000000000010ae                TIM6_IRQHandler
 .text.SystemInit
                0x00000000000010be       0xf8 ./User/system_ch32v30x.o
                0x00000000000010be                SystemInit
 .text.vector_handler
                0x00000000000011b6       0xbe ./Startup/startup_ch32v30x_D8C.o
                0x00000000000011ba                Ecall_M_Mode_Handler
                0x00000000000011bc                Ecall_U_Mode_Handler
                0x00000000000011be                Break_Point_Handler
                0x00000000000011c0                SysTick_Handler
                0x00000000000011c2                SW_Handler
                0x00000000000011c4                WWDG_IRQHandler
                0x00000000000011c6                PVD_IRQHandler
                0x00000000000011c8                TAMPER_IRQHandler
                0x00000000000011ca                RTC_IRQHandler
                0x00000000000011cc                FLASH_IRQHandler
                0x00000000000011ce                RCC_IRQHandler
                0x00000000000011d0                EXTI0_IRQHandler
                0x00000000000011d2                EXTI1_IRQHandler
                0x00000000000011d4                EXTI2_IRQHandler
                0x00000000000011d6                EXTI3_IRQHandler
                0x00000000000011d8                EXTI4_IRQHandler
                0x00000000000011da                DMA1_Channel1_IRQHandler
                0x00000000000011dc                DMA1_Channel2_IRQHandler
                0x00000000000011de                DMA1_Channel3_IRQHandler
                0x00000000000011e0                DMA1_Channel4_IRQHandler
                0x00000000000011e2                DMA1_Channel5_IRQHandler
                0x00000000000011e4                DMA1_Channel6_IRQHandler
                0x00000000000011e6                DMA1_Channel7_IRQHandler
                0x00000000000011e8                ADC1_2_IRQHandler
                0x00000000000011ea                USB_HP_CAN1_TX_IRQHandler
                0x00000000000011ec                USB_LP_CAN1_RX0_IRQHandler
                0x00000000000011ee                CAN1_RX1_IRQHandler
                0x00000000000011f0                CAN1_SCE_IRQHandler
                0x00000000000011f2                EXTI9_5_IRQHandler
                0x00000000000011f4                TIM1_BRK_IRQHandler
                0x00000000000011f6                TIM1_UP_IRQHandler
                0x00000000000011f8                TIM1_TRG_COM_IRQHandler
                0x00000000000011fa                TIM1_CC_IRQHandler
                0x00000000000011fc                TIM2_IRQHandler
                0x00000000000011fe                TIM3_IRQHandler
                0x0000000000001200                TIM4_IRQHandler
                0x0000000000001202                I2C1_EV_IRQHandler
                0x0000000000001204                I2C1_ER_IRQHandler
                0x0000000000001206                I2C2_EV_IRQHandler
                0x0000000000001208                I2C2_ER_IRQHandler
                0x000000000000120a                SPI1_IRQHandler
                0x000000000000120c                SPI2_IRQHandler
                0x000000000000120e                USART1_IRQHandler
                0x0000000000001210                USART2_IRQHandler
                0x0000000000001212                USART3_IRQHandler
                0x0000000000001214                EXTI15_10_IRQHandler
                0x0000000000001216                RTCAlarm_IRQHandler
                0x0000000000001218                USBWakeUp_IRQHandler
                0x000000000000121a                TIM8_BRK_IRQHandler
                0x000000000000121c                TIM8_UP_IRQHandler
                0x000000000000121e                TIM8_TRG_COM_IRQHandler
                0x0000000000001220                TIM8_CC_IRQHandler
                0x0000000000001222                RNG_IRQHandler
                0x0000000000001224                FSMC_IRQHandler
                0x0000000000001226                SDIO_IRQHandler
                0x0000000000001228                TIM5_IRQHandler
                0x000000000000122a                SPI3_IRQHandler
                0x000000000000122c                UART4_IRQHandler
                0x000000000000122e                UART5_IRQHandler
                0x0000000000001232                TIM7_IRQHandler
                0x0000000000001234                DMA2_Channel1_IRQHandler
                0x0000000000001236                DMA2_Channel2_IRQHandler
                0x0000000000001238                DMA2_Channel3_IRQHandler
                0x000000000000123a                DMA2_Channel4_IRQHandler
                0x000000000000123c                DMA2_Channel5_IRQHandler
                0x000000000000123e                ETH_IRQHandler
                0x0000000000001240                ETH_WKUP_IRQHandler
                0x0000000000001242                CAN2_TX_IRQHandler
                0x0000000000001244                CAN2_RX0_IRQHandler
                0x0000000000001246                CAN2_RX1_IRQHandler
                0x0000000000001248                CAN2_SCE_IRQHandler
                0x000000000000124a                OTG_FS_IRQHandler
                0x000000000000124c                USBHSWakeup_IRQHandler
                0x000000000000124e                USBHS_IRQHandler
                0x0000000000001250                DVP_IRQHandler
                0x0000000000001252                UART6_IRQHandler
                0x0000000000001254                UART7_IRQHandler
                0x0000000000001256                UART8_IRQHandler
                0x0000000000001258                TIM9_BRK_IRQHandler
                0x000000000000125a                TIM9_UP_IRQHandler
                0x000000000000125c                TIM9_TRG_COM_IRQHandler
                0x000000000000125e                TIM9_CC_IRQHandler
                0x0000000000001260                TIM10_BRK_IRQHandler
                0x0000000000001262                TIM10_UP_IRQHandler
                0x0000000000001264                TIM10_TRG_COM_IRQHandler
                0x0000000000001266                TIM10_CC_IRQHandler
                0x0000000000001268                DMA2_Channel6_IRQHandler
                0x000000000000126a                DMA2_Channel7_IRQHandler
                0x000000000000126c                DMA2_Channel8_IRQHandler
                0x000000000000126e                DMA2_Channel9_IRQHandler
                0x0000000000001270                DMA2_Channel10_IRQHandler
                0x0000000000001272                DMA2_Channel11_IRQHandler
 .text.handle_reset
                0x0000000000001274       0x8a ./Startup/startup_ch32v30x_D8C.o
                0x0000000000001274                handle_reset
 .text.DMA_DeInit
                0x00000000000012fe      0x16c ./Peripheral/src/ch32v30x_dma.o
                0x00000000000012fe                DMA_DeInit
 .text.DMA_Init
                0x000000000000146a       0x38 ./Peripheral/src/ch32v30x_dma.o
                0x000000000000146a                DMA_Init
 .text.DMA_Cmd  0x00000000000014a2       0x14 ./Peripheral/src/ch32v30x_dma.o
                0x00000000000014a2                DMA_Cmd
 .text.DMA_SetCurrDataCounter
                0x00000000000014b6        0x4 ./Peripheral/src/ch32v30x_dma.o
                0x00000000000014b6                DMA_SetCurrDataCounter
 .text.DMA_GetCurrDataCounter
                0x00000000000014ba        0x8 ./Peripheral/src/ch32v30x_dma.o
                0x00000000000014ba                DMA_GetCurrDataCounter
 .text.DMA_ClearFlag
                0x00000000000014c2       0x2c ./Peripheral/src/ch32v30x_dma.o
                0x00000000000014c2                DMA_ClearFlag
 .text.FSMC_NORSRAMInit
                0x00000000000014ee       0xba ./Peripheral/src/ch32v30x_fsmc.o
                0x00000000000014ee                FSMC_NORSRAMInit
 .text.FSMC_NORSRAMCmd
                0x00000000000015a8       0x1e ./Peripheral/src/ch32v30x_fsmc.o
                0x00000000000015a8                FSMC_NORSRAMCmd
 .text.GPIO_Init
                0x00000000000015c6       0xc2 ./Peripheral/src/ch32v30x_gpio.o
                0x00000000000015c6                GPIO_Init
 .text.GPIO_SetBits
                0x0000000000001688        0x4 ./Peripheral/src/ch32v30x_gpio.o
                0x0000000000001688                GPIO_SetBits
 .text.GPIO_ResetBits
                0x000000000000168c        0x4 ./Peripheral/src/ch32v30x_gpio.o
                0x000000000000168c                GPIO_ResetBits
 .text.NVIC_PriorityGroupConfig
                0x0000000000001690        0x6 ./Peripheral/src/ch32v30x_misc.o
                0x0000000000001690                NVIC_PriorityGroupConfig
 .text.NVIC_Init
                0x0000000000001696       0xb8 ./Peripheral/src/ch32v30x_misc.o
                0x0000000000001696                NVIC_Init
 .text.RCC_GetClocksFreq
                0x000000000000174e      0x10e ./Peripheral/src/ch32v30x_rcc.o
                0x000000000000174e                RCC_GetClocksFreq
 .text.RCC_AHBPeriphClockCmd
                0x000000000000185c       0x1e ./Peripheral/src/ch32v30x_rcc.o
                0x000000000000185c                RCC_AHBPeriphClockCmd
 .text.RCC_APB2PeriphClockCmd
                0x000000000000187a       0x1e ./Peripheral/src/ch32v30x_rcc.o
                0x000000000000187a                RCC_APB2PeriphClockCmd
 .text.RCC_APB1PeriphClockCmd
                0x0000000000001898       0x1e ./Peripheral/src/ch32v30x_rcc.o
                0x0000000000001898                RCC_APB1PeriphClockCmd
 .text.TIM_TimeBaseInit
                0x00000000000018b6       0xc0 ./Peripheral/src/ch32v30x_tim.o
                0x00000000000018b6                TIM_TimeBaseInit
 .text.TIM_OC2Init
                0x0000000000001976       0xcc ./Peripheral/src/ch32v30x_tim.o
                0x0000000000001976                TIM_OC2Init
 .text.TIM_Cmd  0x0000000000001a42       0x1c ./Peripheral/src/ch32v30x_tim.o
                0x0000000000001a42                TIM_Cmd
 .text.TIM_CtrlPWMOutputs
                0x0000000000001a5e       0x16 ./Peripheral/src/ch32v30x_tim.o
                0x0000000000001a5e                TIM_CtrlPWMOutputs
 .text.TIM_ITConfig
                0x0000000000001a74       0x16 ./Peripheral/src/ch32v30x_tim.o
                0x0000000000001a74                TIM_ITConfig
 .text.TIM_ARRPreloadConfig
                0x0000000000001a8a       0x1e ./Peripheral/src/ch32v30x_tim.o
                0x0000000000001a8a                TIM_ARRPreloadConfig
 .text.TIM_OC2PreloadConfig
                0x0000000000001aa8       0x1a ./Peripheral/src/ch32v30x_tim.o
                0x0000000000001aa8                TIM_OC2PreloadConfig
 .text.TIM_ClearFlag
                0x0000000000001ac2        0xe ./Peripheral/src/ch32v30x_tim.o
                0x0000000000001ac2                TIM_ClearFlag
 .text.USART_Init
                0x0000000000001ad0       0xd8 ./Peripheral/src/ch32v30x_usart.o
                0x0000000000001ad0                USART_Init
 .text.USART_Cmd
                0x0000000000001ba8       0x1c ./Peripheral/src/ch32v30x_usart.o
                0x0000000000001ba8                USART_Cmd
 .text.USART_DMACmd
                0x0000000000001bc4       0x16 ./Peripheral/src/ch32v30x_usart.o
                0x0000000000001bc4                USART_DMACmd
 .text.USART_SendData
                0x0000000000001bda        0xa ./Peripheral/src/ch32v30x_usart.o
                0x0000000000001bda                USART_SendData
 .text.USART_GetFlagStatus
                0x0000000000001be4        0xc ./Peripheral/src/ch32v30x_usart.o
                0x0000000000001be4                USART_GetFlagStatus
 .text.Delay_Init
                0x0000000000001bf0       0x26 ./Debug/debug.o
                0x0000000000001bf0                Delay_Init
 .text.Delay_Ms
                0x0000000000001c16       0x2e ./Debug/debug.o
                0x0000000000001c16                Delay_Ms
 .text.USART_Printf_Init
                0x0000000000001c44       0x58 ./Debug/debug.o
                0x0000000000001c44                USART_Printf_Init
 .text._write   0x0000000000001c9c       0x4c ./Debug/debug.o
                0x0000000000001c9c                _write
 .text._sbrk    0x0000000000001ce8       0x26 ./Debug/debug.o
                0x0000000000001ce8                _sbrk
 .text.printf   0x0000000000001d0e       0x40 d:/mrs/mounriver/mounriver_studio/toolchain/risc-v embedded gcc/bin/../lib/gcc/riscv-none-embed/8.2.0/../../../../riscv-none-embed/lib/rv32imac/ilp32\libg_nano.a(lib_a-printf.o)
                0x0000000000001d0e                iprintf
                0x0000000000001d0e                printf
 .text.putchar  0x0000000000001d4e       0x2a d:/mrs/mounriver/mounriver_studio/toolchain/risc-v embedded gcc/bin/../lib/gcc/riscv-none-embed/8.2.0/../../../../riscv-none-embed/lib/rv32imac/ilp32\libg_nano.a(lib_a-putchar.o)
                0x0000000000001d4e                putchar
 .text._puts_r  0x0000000000001d78       0xda d:/mrs/mounriver/mounriver_studio/toolchain/risc-v embedded gcc/bin/../lib/gcc/riscv-none-embed/8.2.0/../../../../riscv-none-embed/lib/rv32imac/ilp32\libg_nano.a(lib_a-puts.o)
                0x0000000000001d78                _puts_r
 .text.puts     0x0000000000001e52        0xa d:/mrs/mounriver/mounriver_studio/toolchain/risc-v embedded gcc/bin/../lib/gcc/riscv-none-embed/8.2.0/../../../../riscv-none-embed/lib/rv32imac/ilp32\libg_nano.a(lib_a-puts.o)
                0x0000000000001e52                puts
 .text.strchr   0x0000000000001e5c       0x1a d:/mrs/mounriver/mounriver_studio/toolchain/risc-v embedded gcc/bin/../lib/gcc/riscv-none-embed/8.2.0/../../../../riscv-none-embed/lib/rv32imac/ilp32\libg_nano.a(lib_a-strchr.o)
                0x0000000000001e5c                strchr
 .text.strcpy   0x0000000000001e76       0x12 d:/mrs/mounriver/mounriver_studio/toolchain/risc-v embedded gcc/bin/../lib/gcc/riscv-none-embed/8.2.0/../../../../riscv-none-embed/lib/rv32imac/ilp32\libg_nano.a(lib_a-strcpy.o)
                0x0000000000001e76                strcpy
 .text.strncpy  0x0000000000001e88       0x24 d:/mrs/mounriver/mounriver_studio/toolchain/risc-v embedded gcc/bin/../lib/gcc/riscv-none-embed/8.2.0/../../../../riscv-none-embed/lib/rv32imac/ilp32\libg_nano.a(lib_a-strncpy.o)
                0x0000000000001e88                strncpy
 .text.strstr   0x0000000000001eac       0x3e d:/mrs/mounriver/mounriver_studio/toolchain/risc-v embedded gcc/bin/../lib/gcc/riscv-none-embed/8.2.0/../../../../riscv-none-embed/lib/rv32imac/ilp32\libg_nano.a(lib_a-strstr.o)
                0x0000000000001eac                strstr
 .text._vsnprintf_r
                0x0000000000001eea       0x60 d:/mrs/mounriver/mounriver_studio/toolchain/risc-v embedded gcc/bin/../lib/gcc/riscv-none-embed/8.2.0/../../../../riscv-none-embed/lib/rv32imac/ilp32\libg_nano.a(lib_a-vsnprintf.o)
                0x0000000000001eea                _vsniprintf_r
                0x0000000000001eea                _vsnprintf_r
 .text.vsnprintf
                0x0000000000001f4a       0x10 d:/mrs/mounriver/mounriver_studio/toolchain/risc-v embedded gcc/bin/../lib/gcc/riscv-none-embed/8.2.0/../../../../riscv-none-embed/lib/rv32imac/ilp32\libg_nano.a(lib_a-vsnprintf.o)
                0x0000000000001f4a                vsniprintf
                0x0000000000001f4a                vsnprintf
 .text.__swbuf_r
                0x0000000000001f5a       0xc0 d:/mrs/mounriver/mounriver_studio/toolchain/risc-v embedded gcc/bin/../lib/gcc/riscv-none-embed/8.2.0/../../../../riscv-none-embed/lib/rv32imac/ilp32\libg_nano.a(lib_a-wbuf.o)
                0x0000000000001f5a                __swbuf_r
 .text.__swsetup_r
                0x000000000000201a      0x10c d:/mrs/mounriver/mounriver_studio/toolchain/risc-v embedded gcc/bin/../lib/gcc/riscv-none-embed/8.2.0/../../../../riscv-none-embed/lib/rv32imac/ilp32\libg_nano.a(lib_a-wsetup.o)
                0x000000000000201a                __swsetup_r
 .text.__sflush_r
                0x0000000000002126      0x13c d:/mrs/mounriver/mounriver_studio/toolchain/risc-v embedded gcc/bin/../lib/gcc/riscv-none-embed/8.2.0/../../../../riscv-none-embed/lib/rv32imac/ilp32\libg_nano.a(lib_a-fflush.o)
                0x0000000000002126                __sflush_r
 .text._fflush_r
                0x0000000000002262       0x64 d:/mrs/mounriver/mounriver_studio/toolchain/risc-v embedded gcc/bin/../lib/gcc/riscv-none-embed/8.2.0/../../../../riscv-none-embed/lib/rv32imac/ilp32\libg_nano.a(lib_a-fflush.o)
                0x0000000000002262                _fflush_r
 .text.std      0x00000000000022c6       0x6a d:/mrs/mounriver/mounriver_studio/toolchain/risc-v embedded gcc/bin/../lib/gcc/riscv-none-embed/8.2.0/../../../../riscv-none-embed/lib/rv32imac/ilp32\libg_nano.a(lib_a-findfp.o)
 .text._cleanup_r
                0x0000000000002330        0xa d:/mrs/mounriver/mounriver_studio/toolchain/risc-v embedded gcc/bin/../lib/gcc/riscv-none-embed/8.2.0/../../../../riscv-none-embed/lib/rv32imac/ilp32\libg_nano.a(lib_a-findfp.o)
                0x0000000000002330                _cleanup_r
 .text.__sfmoreglue
                0x000000000000233a       0x46 d:/mrs/mounriver/mounriver_studio/toolchain/risc-v embedded gcc/bin/../lib/gcc/riscv-none-embed/8.2.0/../../../../riscv-none-embed/lib/rv32imac/ilp32\libg_nano.a(lib_a-findfp.o)
                0x000000000000233a                __sfmoreglue
 .text.__sinit  0x0000000000002380       0x66 d:/mrs/mounriver/mounriver_studio/toolchain/risc-v embedded gcc/bin/../lib/gcc/riscv-none-embed/8.2.0/../../../../riscv-none-embed/lib/rv32imac/ilp32\libg_nano.a(lib_a-findfp.o)
                0x0000000000002380                __sinit
 .text.__sfp    0x00000000000023e6       0x9c d:/mrs/mounriver/mounriver_studio/toolchain/risc-v embedded gcc/bin/../lib/gcc/riscv-none-embed/8.2.0/../../../../riscv-none-embed/lib/rv32imac/ilp32\libg_nano.a(lib_a-findfp.o)
                0x00000000000023e6                __sfp
 .text._fwalk_reent
                0x0000000000002482       0x6c d:/mrs/mounriver/mounriver_studio/toolchain/risc-v embedded gcc/bin/../lib/gcc/riscv-none-embed/8.2.0/../../../../riscv-none-embed/lib/rv32imac/ilp32\libg_nano.a(lib_a-fwalk.o)
                0x0000000000002482                _fwalk_reent
 .text.__swhatbuf_r
                0x00000000000024ee       0x5a d:/mrs/mounriver/mounriver_studio/toolchain/risc-v embedded gcc/bin/../lib/gcc/riscv-none-embed/8.2.0/../../../../riscv-none-embed/lib/rv32imac/ilp32\libg_nano.a(lib_a-makebuf.o)
                0x00000000000024ee                __swhatbuf_r
 .text.__smakebuf_r
                0x0000000000002548       0x9e d:/mrs/mounriver/mounriver_studio/toolchain/risc-v embedded gcc/bin/../lib/gcc/riscv-none-embed/8.2.0/../../../../riscv-none-embed/lib/rv32imac/ilp32\libg_nano.a(lib_a-makebuf.o)
                0x0000000000002548                __smakebuf_r
 .text._free_r  0x00000000000025e6       0xa8 d:/mrs/mounriver/mounriver_studio/toolchain/risc-v embedded gcc/bin/../lib/gcc/riscv-none-embed/8.2.0/../../../../riscv-none-embed/lib/rv32imac/ilp32\libg_nano.a(lib_a-nano-freer.o)
                0x00000000000025e6                _free_r
 .text._malloc_r
                0x000000000000268e       0xda d:/mrs/mounriver/mounriver_studio/toolchain/risc-v embedded gcc/bin/../lib/gcc/riscv-none-embed/8.2.0/../../../../riscv-none-embed/lib/rv32imac/ilp32\libg_nano.a(lib_a-nano-mallocr.o)
                0x000000000000268e                _malloc_r
 .text.__ssputs_r
                0x0000000000002768       0xea d:/mrs/mounriver/mounriver_studio/toolchain/risc-v embedded gcc/bin/../lib/gcc/riscv-none-embed/8.2.0/../../../../riscv-none-embed/lib/rv32imac/ilp32\libg_nano.a(lib_a-nano-svfprintf.o)
                0x0000000000002768                __ssputs_r
 .text._svfprintf_r
                0x0000000000002852      0x27c d:/mrs/mounriver/mounriver_studio/toolchain/risc-v embedded gcc/bin/../lib/gcc/riscv-none-embed/8.2.0/../../../../riscv-none-embed/lib/rv32imac/ilp32\libg_nano.a(lib_a-nano-svfprintf.o)
                0x0000000000002852                _svfiprintf_r
                0x0000000000002852                _svfprintf_r
 .text.__sfputc_r
                0x0000000000002ace       0x2a d:/mrs/mounriver/mounriver_studio/toolchain/risc-v embedded gcc/bin/../lib/gcc/riscv-none-embed/8.2.0/../../../../riscv-none-embed/lib/rv32imac/ilp32\libg_nano.a(lib_a-nano-vfprintf.o)
 .text.__sfputs_r
                0x0000000000002af8       0x42 d:/mrs/mounriver/mounriver_studio/toolchain/risc-v embedded gcc/bin/../lib/gcc/riscv-none-embed/8.2.0/../../../../riscv-none-embed/lib/rv32imac/ilp32\libg_nano.a(lib_a-nano-vfprintf.o)
                0x0000000000002af8                __sfputs_r
 .text._vfprintf_r
                0x0000000000002b3a      0x29c d:/mrs/mounriver/mounriver_studio/toolchain/risc-v embedded gcc/bin/../lib/gcc/riscv-none-embed/8.2.0/../../../../riscv-none-embed/lib/rv32imac/ilp32\libg_nano.a(lib_a-nano-vfprintf.o)
                0x0000000000002b3a                _vfprintf_r
                0x0000000000002b3a                _vfiprintf_r
 .text._printf_common
                0x0000000000002dd6      0x10c d:/mrs/mounriver/mounriver_studio/toolchain/risc-v embedded gcc/bin/../lib/gcc/riscv-none-embed/8.2.0/../../../../riscv-none-embed/lib/rv32imac/ilp32\libg_nano.a(lib_a-nano-vfprintf_i.o)
                0x0000000000002dd6                _printf_common
 .text._printf_i
                0x0000000000002ee2      0x2a8 d:/mrs/mounriver/mounriver_studio/toolchain/risc-v embedded gcc/bin/../lib/gcc/riscv-none-embed/8.2.0/../../../../riscv-none-embed/lib/rv32imac/ilp32\libg_nano.a(lib_a-nano-vfprintf_i.o)
                0x0000000000002ee2                _printf_i
 .text._putc_r  0x000000000000318a       0x86 d:/mrs/mounriver/mounriver_studio/toolchain/risc-v embedded gcc/bin/../lib/gcc/riscv-none-embed/8.2.0/../../../../riscv-none-embed/lib/rv32imac/ilp32\libg_nano.a(lib_a-putc.o)
                0x000000000000318a                _putc_r
 .text._sbrk_r  0x0000000000003210       0x2a d:/mrs/mounriver/mounriver_studio/toolchain/risc-v embedded gcc/bin/../lib/gcc/riscv-none-embed/8.2.0/../../../../riscv-none-embed/lib/rv32imac/ilp32\libg_nano.a(lib_a-sbrkr.o)
                0x0000000000003210                _sbrk_r
 .text.__sread  0x000000000000323a       0x30 d:/mrs/mounriver/mounriver_studio/toolchain/risc-v embedded gcc/bin/../lib/gcc/riscv-none-embed/8.2.0/../../../../riscv-none-embed/lib/rv32imac/ilp32\libg_nano.a(lib_a-stdio.o)
                0x000000000000323a                __sread
 .text.__swrite
                0x000000000000326a       0x4e d:/mrs/mounriver/mounriver_studio/toolchain/risc-v embedded gcc/bin/../lib/gcc/riscv-none-embed/8.2.0/../../../../riscv-none-embed/lib/rv32imac/ilp32\libg_nano.a(lib_a-stdio.o)
                0x000000000000326a                __swrite
 .text.__sseek  0x00000000000032b8       0x36 d:/mrs/mounriver/mounriver_studio/toolchain/risc-v embedded gcc/bin/../lib/gcc/riscv-none-embed/8.2.0/../../../../riscv-none-embed/lib/rv32imac/ilp32\libg_nano.a(lib_a-stdio.o)
                0x00000000000032b8                __sseek
 .text.__sclose
                0x00000000000032ee        0x6 d:/mrs/mounriver/mounriver_studio/toolchain/risc-v embedded gcc/bin/../lib/gcc/riscv-none-embed/8.2.0/../../../../riscv-none-embed/lib/rv32imac/ilp32\libg_nano.a(lib_a-stdio.o)
                0x00000000000032ee                __sclose
 .text._write_r
                0x00000000000032f4       0x2e d:/mrs/mounriver/mounriver_studio/toolchain/risc-v embedded gcc/bin/../lib/gcc/riscv-none-embed/8.2.0/../../../../riscv-none-embed/lib/rv32imac/ilp32\libg_nano.a(lib_a-writer.o)
                0x00000000000032f4                _write_r
 .text._close_r
                0x0000000000003322       0x28 d:/mrs/mounriver/mounriver_studio/toolchain/risc-v embedded gcc/bin/../lib/gcc/riscv-none-embed/8.2.0/../../../../riscv-none-embed/lib/rv32imac/ilp32\libg_nano.a(lib_a-closer.o)
                0x0000000000003322                _close_r
 .text._fstat_r
                0x000000000000334a       0x2a d:/mrs/mounriver/mounriver_studio/toolchain/risc-v embedded gcc/bin/../lib/gcc/riscv-none-embed/8.2.0/../../../../riscv-none-embed/lib/rv32imac/ilp32\libg_nano.a(lib_a-fstatr.o)
                0x000000000000334a                _fstat_r
 .text._isatty_r
                0x0000000000003374       0x28 d:/mrs/mounriver/mounriver_studio/toolchain/risc-v embedded gcc/bin/../lib/gcc/riscv-none-embed/8.2.0/../../../../riscv-none-embed/lib/rv32imac/ilp32\libg_nano.a(lib_a-isattyr.o)
                0x0000000000003374                _isatty_r
 .text._lseek_r
                0x000000000000339c       0x2c d:/mrs/mounriver/mounriver_studio/toolchain/risc-v embedded gcc/bin/../lib/gcc/riscv-none-embed/8.2.0/../../../../riscv-none-embed/lib/rv32imac/ilp32\libg_nano.a(lib_a-lseekr.o)
                0x000000000000339c                _lseek_r
 .text.memchr   0x00000000000033c8       0x1a d:/mrs/mounriver/mounriver_studio/toolchain/risc-v embedded gcc/bin/../lib/gcc/riscv-none-embed/8.2.0/../../../../riscv-none-embed/lib/rv32imac/ilp32\libg_nano.a(lib_a-memchr.o)
                0x00000000000033c8                memchr
 .text.memcpy   0x00000000000033e2       0xb6 d:/mrs/mounriver/mounriver_studio/toolchain/risc-v embedded gcc/bin/../lib/gcc/riscv-none-embed/8.2.0/../../../../riscv-none-embed/lib/rv32imac/ilp32\libg_nano.a(lib_a-memcpy.o)
                0x00000000000033e2                memcpy
 .text.memmove  0x0000000000003498       0x4a d:/mrs/mounriver/mounriver_studio/toolchain/risc-v embedded gcc/bin/../lib/gcc/riscv-none-embed/8.2.0/../../../../riscv-none-embed/lib/rv32imac/ilp32\libg_nano.a(lib_a-memmove.o)
                0x0000000000003498                memmove
 .text.__malloc_lock
                0x00000000000034e2        0x2 d:/mrs/mounriver/mounriver_studio/toolchain/risc-v embedded gcc/bin/../lib/gcc/riscv-none-embed/8.2.0/../../../../riscv-none-embed/lib/rv32imac/ilp32\libg_nano.a(lib_a-mlock.o)
                0x00000000000034e2                __malloc_lock
 .text.__malloc_unlock
                0x00000000000034e4        0x2 d:/mrs/mounriver/mounriver_studio/toolchain/risc-v embedded gcc/bin/../lib/gcc/riscv-none-embed/8.2.0/../../../../riscv-none-embed/lib/rv32imac/ilp32\libg_nano.a(lib_a-mlock.o)
                0x00000000000034e4                __malloc_unlock
 .text._realloc_r
                0x00000000000034e6       0x56 d:/mrs/mounriver/mounriver_studio/toolchain/risc-v embedded gcc/bin/../lib/gcc/riscv-none-embed/8.2.0/../../../../riscv-none-embed/lib/rv32imac/ilp32\libg_nano.a(lib_a-nano-reallocr.o)
                0x00000000000034e6                _realloc_r
 .text._read_r  0x000000000000353c       0x2c d:/mrs/mounriver/mounriver_studio/toolchain/risc-v embedded gcc/bin/../lib/gcc/riscv-none-embed/8.2.0/../../../../riscv-none-embed/lib/rv32imac/ilp32\libg_nano.a(lib_a-readr.o)
                0x000000000000353c                _read_r
 .text._malloc_usable_size_r
                0x0000000000003568       0x14 d:/mrs/mounriver/mounriver_studio/toolchain/risc-v embedded gcc/bin/../lib/gcc/riscv-none-embed/8.2.0/../../../../riscv-none-embed/lib/rv32imac/ilp32\libg_nano.a(lib_a-nano-msizer.o)
                0x0000000000003568                _malloc_usable_size_r
 .text._close   0x000000000000357c        0xc d:/mrs/mounriver/mounriver_studio/toolchain/risc-v embedded gcc/bin/../lib/gcc/riscv-none-embed/8.2.0/../../../../riscv-none-embed/lib/rv32imac/ilp32\libnosys.a(close.o)
                0x000000000000357c                _close
 .text._fstat   0x0000000000003588        0xc d:/mrs/mounriver/mounriver_studio/toolchain/risc-v embedded gcc/bin/../lib/gcc/riscv-none-embed/8.2.0/../../../../riscv-none-embed/lib/rv32imac/ilp32\libnosys.a(fstat.o)
                0x0000000000003588                _fstat
 .text._isatty  0x0000000000003594        0xc d:/mrs/mounriver/mounriver_studio/toolchain/risc-v embedded gcc/bin/../lib/gcc/riscv-none-embed/8.2.0/../../../../riscv-none-embed/lib/rv32imac/ilp32\libnosys.a(isatty.o)
                0x0000000000003594                _isatty
 .text._lseek   0x00000000000035a0        0xc d:/mrs/mounriver/mounriver_studio/toolchain/risc-v embedded gcc/bin/../lib/gcc/riscv-none-embed/8.2.0/../../../../riscv-none-embed/lib/rv32imac/ilp32\libnosys.a(lseek.o)
                0x00000000000035a0                _lseek
 .text._read    0x00000000000035ac        0xc d:/mrs/mounriver/mounriver_studio/toolchain/risc-v embedded gcc/bin/../lib/gcc/riscv-none-embed/8.2.0/../../../../riscv-none-embed/lib/rv32imac/ilp32\libnosys.a(read.o)
                0x00000000000035ac                _read
 *(.rodata)
 *fill*         0x00000000000035b8        0x0 
 .rodata        0x00000000000035b8       0x64 ./User/main.o
 *(.rodata*)
 .rodata.asc2_1608
                0x000000000000361c      0x5e0 ./User/lcd.o
                0x000000000000361c                asc2_1608
 .rodata.asc2_2412
                0x0000000000003bfc     0x11a0 ./User/lcd.o
                0x0000000000003bfc                asc2_2412
 .rodata.asc2_3216
                0x0000000000004d9c     0x1780 ./User/lcd.o
                0x0000000000004d9c                asc2_3216
 .rodata.lcd_init.str1.4
                0x000000000000651c        0xa ./User/lcd.o
 *fill*         0x0000000000006526        0x2 
 .rodata.lcd_show_char.str1.4
                0x0000000000006528       0x4a ./User/lcd.o
 *fill*         0x0000000000006572        0x2 
 .rodata.lcd_show_string.str1.4
                0x0000000000006574       0x1e ./User/lcd.o
 *fill*         0x0000000000006592        0x2 
 .rodata.get_true_time.str1.4
                0x0000000000006594       0xa9 ./User/main.o
                                         0xad (size before relaxing)
 *fill*         0x000000000000663d        0x3 
 .rodata.main.str1.4
                0x0000000000006640       0xcf ./User/main.o
 *fill*         0x000000000000670f        0x1 
 .rodata.__sf_fake_stderr
                0x0000000000006710       0x20 d:/mrs/mounriver/mounriver_studio/toolchain/risc-v embedded gcc/bin/../lib/gcc/riscv-none-embed/8.2.0/../../../../riscv-none-embed/lib/rv32imac/ilp32\libg_nano.a(lib_a-findfp.o)
                0x0000000000006710                __sf_fake_stderr
 .rodata.__sf_fake_stdin
                0x0000000000006730       0x20 d:/mrs/mounriver/mounriver_studio/toolchain/risc-v embedded gcc/bin/../lib/gcc/riscv-none-embed/8.2.0/../../../../riscv-none-embed/lib/rv32imac/ilp32\libg_nano.a(lib_a-findfp.o)
                0x0000000000006730                __sf_fake_stdin
 .rodata.__sf_fake_stdout
                0x0000000000006750       0x20 d:/mrs/mounriver/mounriver_studio/toolchain/risc-v embedded gcc/bin/../lib/gcc/riscv-none-embed/8.2.0/../../../../riscv-none-embed/lib/rv32imac/ilp32\libg_nano.a(lib_a-findfp.o)
                0x0000000000006750                __sf_fake_stdout
 .rodata._svfprintf_r.str1.4
                0x0000000000006770       0x13 d:/mrs/mounriver/mounriver_studio/toolchain/risc-v embedded gcc/bin/../lib/gcc/riscv-none-embed/8.2.0/../../../../riscv-none-embed/lib/rv32imac/ilp32\libg_nano.a(lib_a-nano-svfprintf.o)
 .rodata._vfprintf_r.str1.4
                0x0000000000006783       0x13 d:/mrs/mounriver/mounriver_studio/toolchain/risc-v embedded gcc/bin/../lib/gcc/riscv-none-embed/8.2.0/../../../../riscv-none-embed/lib/rv32imac/ilp32\libg_nano.a(lib_a-nano-vfprintf.o)
 *fill*         0x0000000000006783        0x1 
 .rodata._printf_i.str1.4
                0x0000000000006784       0x28 d:/mrs/mounriver/mounriver_studio/toolchain/risc-v embedded gcc/bin/../lib/gcc/riscv-none-embed/8.2.0/../../../../riscv-none-embed/lib/rv32imac/ilp32\libg_nano.a(lib_a-nano-vfprintf_i.o)
                                         0x25 (size before relaxing)
 *(.glue_7)
 *(.glue_7t)
 *(.gnu.linkonce.t.*)
                0x00000000000067ac                . = ALIGN (0x4)

.rela.dyn       0x00000000000067ac        0x0
 .rela.text.system_time_increase
                0x00000000000067ac        0x0 ./User/ch32v30x_it.o
 .rela.text.get_true_time
                0x00000000000067ac        0x0 ./User/ch32v30x_it.o
 .rela.text.startup.main
                0x00000000000067ac        0x0 ./User/ch32v30x_it.o
 .rela.init     0x00000000000067ac        0x0 ./User/ch32v30x_it.o
 .rela.vector   0x00000000000067ac        0x0 ./User/ch32v30x_it.o
 .rela.text.handle_reset
                0x00000000000067ac        0x0 ./User/ch32v30x_it.o
 .rela.text._sbrk
                0x00000000000067ac        0x0 ./User/ch32v30x_it.o
 .rela.sdata.curbrk.5210
                0x00000000000067ac        0x0 ./User/ch32v30x_it.o
 .rela.text._svfprintf_r
                0x00000000000067ac        0x0 ./User/ch32v30x_it.o
 .rela.text._vfprintf_r
                0x00000000000067ac        0x0 ./User/ch32v30x_it.o
 .rela.text._sbrk_r
                0x00000000000067ac        0x0 ./User/ch32v30x_it.o
 .rela.text._write_r
                0x00000000000067ac        0x0 ./User/ch32v30x_it.o
 .rela.text._close_r
                0x00000000000067ac        0x0 ./User/ch32v30x_it.o
 .rela.text._fstat_r
                0x00000000000067ac        0x0 ./User/ch32v30x_it.o
 .rela.text._isatty_r
                0x00000000000067ac        0x0 ./User/ch32v30x_it.o
 .rela.text._lseek_r
                0x00000000000067ac        0x0 ./User/ch32v30x_it.o
 .rela.text._read_r
                0x00000000000067ac        0x0 ./User/ch32v30x_it.o
 .rela.text._close
                0x00000000000067ac        0x0 ./User/ch32v30x_it.o
 .rela.text._fstat
                0x00000000000067ac        0x0 ./User/ch32v30x_it.o
 .rela.text._isatty
                0x00000000000067ac        0x0 ./User/ch32v30x_it.o
 .rela.text._lseek
                0x00000000000067ac        0x0 ./User/ch32v30x_it.o
 .rela.text._read
                0x00000000000067ac        0x0 ./User/ch32v30x_it.o

.fini           0x00000000000067ac        0x0
 *(SORT_NONE(.fini))
                0x00000000000067ac                . = ALIGN (0x4)
                [!provide]                        PROVIDE (_etext = .)
                [!provide]                        PROVIDE (_eitcm = .)

.preinit_array  0x00000000000067ac        0x0
                [!provide]                        PROVIDE (__preinit_array_start = .)
 *(.preinit_array)
                [!provide]                        PROVIDE (__preinit_array_end = .)

.init_array     0x00000000000067ac        0x0
                [!provide]                        PROVIDE (__init_array_start = .)
 *(SORT_BY_INIT_PRIORITY(.init_array.*) SORT_BY_INIT_PRIORITY(.ctors.*))
 *(.init_array EXCLUDE_FILE(*crtend?.o *crtend.o *crtbegin?.o *crtbegin.o) .ctors)
                [!provide]                        PROVIDE (__init_array_end = .)

.fini_array     0x00000000000067ac        0x0
                [!provide]                        PROVIDE (__fini_array_start = .)
 *(SORT_BY_INIT_PRIORITY(.fini_array.*) SORT_BY_INIT_PRIORITY(.dtors.*))
 *(.fini_array EXCLUDE_FILE(*crtend?.o *crtend.o *crtbegin?.o *crtbegin.o) .dtors)
                [!provide]                        PROVIDE (__fini_array_end = .)

.ctors
 *crtbegin.o(.ctors)
 *crtbegin?.o(.ctors)
 *(EXCLUDE_FILE(*crtend?.o *crtend.o) .ctors)
 *(SORT_BY_NAME(.ctors.*))
 *(.ctors)

.dtors
 *crtbegin.o(.dtors)
 *crtbegin?.o(.dtors)
 *(EXCLUDE_FILE(*crtend?.o *crtend.o) .dtors)
 *(SORT_BY_NAME(.dtors.*))
 *(.dtors)

.dalign         0x0000000020000000        0x0 load address 0x00000000000067ac
                0x0000000020000000                . = ALIGN (0x4)
                0x0000000020000000                PROVIDE (_data_vma = .)

.dlalign        0x00000000000067ac        0x0
                0x00000000000067ac                . = ALIGN (0x4)
                0x00000000000067ac                PROVIDE (_data_lma = .)

.data           0x0000000020000000       0x90 load address 0x00000000000067ac
 *(.gnu.linkonce.r.*)
 *(.data .data.*)
 .data.APBAHBPrescTable
                0x0000000020000000       0x10 ./Peripheral/src/ch32v30x_rcc.o
 .data.impure_data
                0x0000000020000010       0x60 d:/mrs/mounriver/mounriver_studio/toolchain/risc-v embedded gcc/bin/../lib/gcc/riscv-none-embed/8.2.0/../../../../riscv-none-embed/lib/rv32imac/ilp32\libg_nano.a(lib_a-impure.o)
 *(.gnu.linkonce.d.*)
                0x0000000020000070                . = ALIGN (0x8)
                0x0000000020000870                PROVIDE (__global_pointer$ = (. + 0x800))
 *(.sdata .sdata.*)
 .sdata.FORE_COLOR
                0x0000000020000070        0x2 ./User/lcd.o
                0x0000000020000070                FORE_COLOR
 *fill*         0x0000000020000072        0x2 
 .sdata.TxBuffer
                0x0000000020000074        0x2 ./User/main.o
                0x0000000020000074                TxBuffer
 .sdata.timeout
                0x0000000020000076        0x1 ./User/main.o
                0x0000000020000076                timeout
 *fill*         0x0000000020000077        0x1 
 .sdata.SystemCoreClock
                0x0000000020000078        0x4 ./User/system_ch32v30x.o
                0x0000000020000078                SystemCoreClock
 .sdata.ADCPrescTable
                0x000000002000007c        0x4 ./Peripheral/src/ch32v30x_rcc.o
 .sdata.curbrk.5210
                0x0000000020000080        0x4 ./Debug/debug.o
 .sdata._impure_ptr
                0x0000000020000084        0x4 d:/mrs/mounriver/mounriver_studio/toolchain/risc-v embedded gcc/bin/../lib/gcc/riscv-none-embed/8.2.0/../../../../riscv-none-embed/lib/rv32imac/ilp32\libg_nano.a(lib_a-impure.o)
                0x0000000020000084                _impure_ptr
 *(.sdata2.*)
 .sdata2._global_impure_ptr
                0x0000000020000088        0x4 d:/mrs/mounriver/mounriver_studio/toolchain/risc-v embedded gcc/bin/../lib/gcc/riscv-none-embed/8.2.0/../../../../riscv-none-embed/lib/rv32imac/ilp32\libg_nano.a(lib_a-impure.o)
                0x0000000020000088                _global_impure_ptr
 *(.gnu.linkonce.s.*)
                0x0000000020000090                . = ALIGN (0x8)
 *fill*         0x000000002000008c        0x4 
 *(.srodata.cst16)
 *(.srodata.cst8)
 *(.srodata.cst4)
 *(.srodata.cst2)
 *(.srodata .srodata.*)
                0x0000000020000090                . = ALIGN (0x4)
                0x0000000020000090                PROVIDE (_edata = .)

.bss            0x0000000020000090      0x41c load address 0x000000000000683c
                0x0000000020000090                . = ALIGN (0x4)
                0x0000000020000090                PROVIDE (_sbss = .)
 *(.sbss*)
 .sbss.BACK_COLOR
                0x0000000020000090        0x2 ./User/lcd.o
                0x0000000020000090                BACK_COLOR
 .sbss.rxBufferReadPos
                0x0000000020000092        0x2 ./User/main.o
                0x0000000020000092                rxBufferReadPos
 .sbss.NVIC_Priority_Group
                0x0000000020000094        0x4 ./Peripheral/src/ch32v30x_misc.o
                0x0000000020000094                NVIC_Priority_Group
 .sbss.p_ms     0x0000000020000098        0x2 ./Debug/debug.o
 .sbss.p_us     0x000000002000009a        0x1 ./Debug/debug.o
 *fill*         0x000000002000009b        0x1 
 .sbss.__malloc_free_list
                0x000000002000009c        0x4 d:/mrs/mounriver/mounriver_studio/toolchain/risc-v embedded gcc/bin/../lib/gcc/riscv-none-embed/8.2.0/../../../../riscv-none-embed/lib/rv32imac/ilp32\libg_nano.a(lib_a-nano-mallocr.o)
                0x000000002000009c                __malloc_free_list
 .sbss.__malloc_sbrk_start
                0x00000000200000a0        0x4 d:/mrs/mounriver/mounriver_studio/toolchain/risc-v embedded gcc/bin/../lib/gcc/riscv-none-embed/8.2.0/../../../../riscv-none-embed/lib/rv32imac/ilp32\libg_nano.a(lib_a-nano-mallocr.o)
                0x00000000200000a0                __malloc_sbrk_start
 *(.gnu.linkonce.sb.*)
 *(.bss*)
 .bss.RxBuffer  0x00000000200000a4      0x400 ./User/main.o
                0x00000000200000a4                RxBuffer
 *(.gnu.linkonce.b.*)
 *(COMMON*)
 COMMON         0x00000000200004a4        0x4 ./User/main.o
                0x00000000200004a4                TIME
 COMMON         0x00000000200004a8        0x4 d:/mrs/mounriver/mounriver_studio/toolchain/risc-v embedded gcc/bin/../lib/gcc/riscv-none-embed/8.2.0/../../../../riscv-none-embed/lib/rv32imac/ilp32\libg_nano.a(lib_a-reent.o)
                0x00000000200004a8                errno
                0x00000000200004ac                . = ALIGN (0x4)
                0x00000000200004ac                PROVIDE (_ebss = .)
                0x00000000200004ac                PROVIDE (_end = _ebss)
                [!provide]                        PROVIDE (end = .)

.stack          0x0000000020007800      0x800
                0x0000000020007800                PROVIDE (_heap_end = .)
                0x0000000020007800                . = ALIGN (0x4)
                [!provide]                        PROVIDE (_susrstack = .)
                0x0000000020008000                . = (. + __stack_size)
 *fill*         0x0000000020007800      0x800 
                0x0000000020008000                PROVIDE (_eusrstack = .)
OUTPUT(WIFI_CLOCK.elf elf32-littleriscv)

.debug_info     0x0000000000000000    0x10046
 .debug_info    0x0000000000000000      0x962 ./User/ch32v30x_it.o
 .debug_info    0x0000000000000962     0x29ea ./User/lcd.o
 .debug_info    0x000000000000334c     0x2164 ./User/main.o
 .debug_info    0x00000000000054b0      0xb63 ./User/system_ch32v30x.o
 .debug_info    0x0000000000006013       0x22 ./Startup/startup_ch32v30x_D8C.o
 .debug_info    0x0000000000006035      0xd13 ./Peripheral/src/ch32v30x_dma.o
 .debug_info    0x0000000000006d48     0x104d ./Peripheral/src/ch32v30x_fsmc.o
 .debug_info    0x0000000000007d95     0x1093 ./Peripheral/src/ch32v30x_gpio.o
 .debug_info    0x0000000000008e28      0xf6d ./Peripheral/src/ch32v30x_misc.o
 .debug_info    0x0000000000009d95     0x155d ./Peripheral/src/ch32v30x_rcc.o
 .debug_info    0x000000000000b2f2     0x2a18 ./Peripheral/src/ch32v30x_tim.o
 .debug_info    0x000000000000dd0a     0x1420 ./Peripheral/src/ch32v30x_usart.o
 .debug_info    0x000000000000f12a      0xf1c ./Debug/debug.o

.debug_abbrev   0x0000000000000000     0x26f9
 .debug_abbrev  0x0000000000000000      0x1cf ./User/ch32v30x_it.o
 .debug_abbrev  0x00000000000001cf      0x494 ./User/lcd.o
 .debug_abbrev  0x0000000000000663      0x449 ./User/main.o
 .debug_abbrev  0x0000000000000aac      0x2c0 ./User/system_ch32v30x.o
 .debug_abbrev  0x0000000000000d6c       0x12 ./Startup/startup_ch32v30x_D8C.o
 .debug_abbrev  0x0000000000000d7e      0x2fd ./Peripheral/src/ch32v30x_dma.o
 .debug_abbrev  0x000000000000107b      0x2d9 ./Peripheral/src/ch32v30x_fsmc.o
 .debug_abbrev  0x0000000000001354      0x31a ./Peripheral/src/ch32v30x_gpio.o
 .debug_abbrev  0x000000000000166e      0x2fb ./Peripheral/src/ch32v30x_misc.o
 .debug_abbrev  0x0000000000001969      0x351 ./Peripheral/src/ch32v30x_rcc.o
 .debug_abbrev  0x0000000000001cba      0x421 ./Peripheral/src/ch32v30x_tim.o
 .debug_abbrev  0x00000000000020db      0x325 ./Peripheral/src/ch32v30x_usart.o
 .debug_abbrev  0x0000000000002400      0x2f9 ./Debug/debug.o

.debug_aranges  0x0000000000000000      0x970
 .debug_aranges
                0x0000000000000000       0x28 ./User/ch32v30x_it.o
 .debug_aranges
                0x0000000000000028       0xf0 ./User/lcd.o
 .debug_aranges
                0x0000000000000118       0x80 ./User/main.o
 .debug_aranges
                0x0000000000000198       0x28 ./User/system_ch32v30x.o
 .debug_aranges
                0x00000000000001c0       0x30 ./Startup/startup_ch32v30x_D8C.o
 .debug_aranges
                0x00000000000001f0       0x60 ./Peripheral/src/ch32v30x_dma.o
 .debug_aranges
                0x0000000000000250       0x90 ./Peripheral/src/ch32v30x_fsmc.o
 .debug_aranges
                0x00000000000002e0       0xa8 ./Peripheral/src/ch32v30x_gpio.o
 .debug_aranges
                0x0000000000000388       0x28 ./Peripheral/src/ch32v30x_misc.o
 .debug_aranges
                0x00000000000003b0      0x1a8 ./Peripheral/src/ch32v30x_rcc.o
 .debug_aranges
                0x0000000000000558      0x2d0 ./Peripheral/src/ch32v30x_tim.o
 .debug_aranges
                0x0000000000000828      0x100 ./Peripheral/src/ch32v30x_usart.o
 .debug_aranges
                0x0000000000000928       0x48 ./Debug/debug.o

.debug_ranges   0x0000000000000000      0x9c0
 .debug_ranges  0x0000000000000000       0x18 ./User/ch32v30x_it.o
 .debug_ranges  0x0000000000000018      0x160 ./User/lcd.o
 .debug_ranges  0x0000000000000178       0x70 ./User/main.o
 .debug_ranges  0x00000000000001e8       0x38 ./User/system_ch32v30x.o
 .debug_ranges  0x0000000000000220       0x28 ./Startup/startup_ch32v30x_D8C.o
 .debug_ranges  0x0000000000000248       0x50 ./Peripheral/src/ch32v30x_dma.o
 .debug_ranges  0x0000000000000298       0x80 ./Peripheral/src/ch32v30x_fsmc.o
 .debug_ranges  0x0000000000000318       0x98 ./Peripheral/src/ch32v30x_gpio.o
 .debug_ranges  0x00000000000003b0       0x48 ./Peripheral/src/ch32v30x_misc.o
 .debug_ranges  0x00000000000003f8      0x198 ./Peripheral/src/ch32v30x_rcc.o
 .debug_ranges  0x0000000000000590      0x308 ./Peripheral/src/ch32v30x_tim.o
 .debug_ranges  0x0000000000000898       0xf0 ./Peripheral/src/ch32v30x_usart.o
 .debug_ranges  0x0000000000000988       0x38 ./Debug/debug.o

.debug_line     0x0000000000000000     0xd53d
 .debug_line    0x0000000000000000      0x24e ./User/ch32v30x_it.o
 .debug_line    0x000000000000024e     0x2399 ./User/lcd.o
 .debug_line    0x00000000000025e7     0x13ec ./User/main.o
 .debug_line    0x00000000000039d3      0x77c ./User/system_ch32v30x.o
 .debug_line    0x000000000000414f      0x356 ./Startup/startup_ch32v30x_D8C.o
 .debug_line    0x00000000000044a5      0xa20 ./Peripheral/src/ch32v30x_dma.o
 .debug_line    0x0000000000004ec5      0xe81 ./Peripheral/src/ch32v30x_fsmc.o
 .debug_line    0x0000000000005d46      0xe00 ./Peripheral/src/ch32v30x_gpio.o
 .debug_line    0x0000000000006b46      0x51f ./Peripheral/src/ch32v30x_misc.o
 .debug_line    0x0000000000007065     0x1840 ./Peripheral/src/ch32v30x_rcc.o
 .debug_line    0x00000000000088a5     0x3464 ./Peripheral/src/ch32v30x_tim.o
 .debug_line    0x000000000000bd09     0x10f9 ./Peripheral/src/ch32v30x_usart.o
 .debug_line    0x000000000000ce02      0x73b ./Debug/debug.o

.debug_str      0x0000000000000000     0x333f
 .debug_str     0x0000000000000000      0x557 ./User/ch32v30x_it.o
                                        0x5be (size before relaxing)
 .debug_str     0x0000000000000557      0x98b ./User/lcd.o
                                        0xf62 (size before relaxing)
 .debug_str     0x0000000000000ee2      0x9ca ./User/main.o
                                       0x13b7 (size before relaxing)
 .debug_str     0x00000000000018ac       0xf0 ./User/system_ch32v30x.o
                                        0x6b9 (size before relaxing)
 .debug_str     0x000000000000199c       0x2e ./Startup/startup_ch32v30x_D8C.o
                                         0x7d (size before relaxing)
 .debug_str     0x00000000000019ca       0xe3 ./Peripheral/src/ch32v30x_dma.o
                                        0x7fb (size before relaxing)
 .debug_str     0x0000000000001aad      0x2cf ./Peripheral/src/ch32v30x_fsmc.o
                                        0xad0 (size before relaxing)
 .debug_str     0x0000000000001d7c      0x22c ./Peripheral/src/ch32v30x_gpio.o
                                        0x979 (size before relaxing)
 .debug_str     0x0000000000001fa8       0xfa ./Peripheral/src/ch32v30x_misc.o
                                        0xcd3 (size before relaxing)
 .debug_str     0x00000000000020a2      0x5b3 ./Peripheral/src/ch32v30x_rcc.o
                                        0xcc9 (size before relaxing)
 .debug_str     0x0000000000002655      0x921 ./Peripheral/src/ch32v30x_tim.o
                                       0x1283 (size before relaxing)
 .debug_str     0x0000000000002f76      0x367 ./Peripheral/src/ch32v30x_usart.o
                                        0xb1f (size before relaxing)
 .debug_str     0x00000000000032dd       0x62 ./Debug/debug.o
                                        0x907 (size before relaxing)

.comment        0x0000000000000000       0x33
 .comment       0x0000000000000000       0x33 ./User/ch32v30x_it.o
                                         0x34 (size before relaxing)
 .comment       0x0000000000000033       0x34 ./User/lcd.o
 .comment       0x0000000000000033       0x34 ./User/main.o
 .comment       0x0000000000000033       0x34 ./User/system_ch32v30x.o
 .comment       0x0000000000000033       0x34 ./Peripheral/src/ch32v30x_dma.o
 .comment       0x0000000000000033       0x34 ./Peripheral/src/ch32v30x_fsmc.o
 .comment       0x0000000000000033       0x34 ./Peripheral/src/ch32v30x_gpio.o
 .comment       0x0000000000000033       0x34 ./Peripheral/src/ch32v30x_misc.o
 .comment       0x0000000000000033       0x34 ./Peripheral/src/ch32v30x_rcc.o
 .comment       0x0000000000000033       0x34 ./Peripheral/src/ch32v30x_tim.o
 .comment       0x0000000000000033       0x34 ./Peripheral/src/ch32v30x_usart.o
 .comment       0x0000000000000033       0x34 ./Debug/debug.o

.debug_frame    0x0000000000000000     0x2188
 .debug_frame   0x0000000000000000       0x30 ./User/ch32v30x_it.o
 .debug_frame   0x0000000000000030      0x3dc ./User/lcd.o
 .debug_frame   0x000000000000040c      0x1a8 ./User/main.o
 .debug_frame   0x00000000000005b4       0x3c ./User/system_ch32v30x.o
 .debug_frame   0x00000000000005f0       0xc0 ./Peripheral/src/ch32v30x_dma.o
 .debug_frame   0x00000000000006b0      0x100 ./Peripheral/src/ch32v30x_fsmc.o
 .debug_frame   0x00000000000007b0      0x150 ./Peripheral/src/ch32v30x_gpio.o
 .debug_frame   0x0000000000000900       0x30 ./Peripheral/src/ch32v30x_misc.o
 .debug_frame   0x0000000000000930      0x340 ./Peripheral/src/ch32v30x_rcc.o
 .debug_frame   0x0000000000000c70      0x66c ./Peripheral/src/ch32v30x_tim.o
 .debug_frame   0x00000000000012dc      0x210 ./Peripheral/src/ch32v30x_usart.o
 .debug_frame   0x00000000000014ec       0xa4 ./Debug/debug.o
 .debug_frame   0x0000000000001590       0x54 d:/mrs/mounriver/mounriver_studio/toolchain/risc-v embedded gcc/bin/../lib/gcc/riscv-none-embed/8.2.0/../../../../riscv-none-embed/lib/rv32imac/ilp32\libg_nano.a(lib_a-printf.o)
 .debug_frame   0x00000000000015e4       0x50 d:/mrs/mounriver/mounriver_studio/toolchain/risc-v embedded gcc/bin/../lib/gcc/riscv-none-embed/8.2.0/../../../../riscv-none-embed/lib/rv32imac/ilp32\libg_nano.a(lib_a-putchar.o)
 .debug_frame   0x0000000000001634       0x54 d:/mrs/mounriver/mounriver_studio/toolchain/risc-v embedded gcc/bin/../lib/gcc/riscv-none-embed/8.2.0/../../../../riscv-none-embed/lib/rv32imac/ilp32\libg_nano.a(lib_a-puts.o)
 .debug_frame   0x0000000000001688       0x20 d:/mrs/mounriver/mounriver_studio/toolchain/risc-v embedded gcc/bin/../lib/gcc/riscv-none-embed/8.2.0/../../../../riscv-none-embed/lib/rv32imac/ilp32\libg_nano.a(lib_a-strchr.o)
 .debug_frame   0x00000000000016a8       0x20 d:/mrs/mounriver/mounriver_studio/toolchain/risc-v embedded gcc/bin/../lib/gcc/riscv-none-embed/8.2.0/../../../../riscv-none-embed/lib/rv32imac/ilp32\libg_nano.a(lib_a-strcpy.o)
 .debug_frame   0x00000000000016c8       0x20 d:/mrs/mounriver/mounriver_studio/toolchain/risc-v embedded gcc/bin/../lib/gcc/riscv-none-embed/8.2.0/../../../../riscv-none-embed/lib/rv32imac/ilp32\libg_nano.a(lib_a-strncpy.o)
 .debug_frame   0x00000000000016e8       0x20 d:/mrs/mounriver/mounriver_studio/toolchain/risc-v embedded gcc/bin/../lib/gcc/riscv-none-embed/8.2.0/../../../../riscv-none-embed/lib/rv32imac/ilp32\libg_nano.a(lib_a-strstr.o)
 .debug_frame   0x0000000000001708       0x48 d:/mrs/mounriver/mounriver_studio/toolchain/risc-v embedded gcc/bin/../lib/gcc/riscv-none-embed/8.2.0/../../../../riscv-none-embed/lib/rv32imac/ilp32\libg_nano.a(lib_a-vsnprintf.o)
 .debug_frame   0x0000000000001750       0x50 d:/mrs/mounriver/mounriver_studio/toolchain/risc-v embedded gcc/bin/../lib/gcc/riscv-none-embed/8.2.0/../../../../riscv-none-embed/lib/rv32imac/ilp32\libg_nano.a(lib_a-wbuf.o)
 .debug_frame   0x00000000000017a0       0x3c d:/mrs/mounriver/mounriver_studio/toolchain/risc-v embedded gcc/bin/../lib/gcc/riscv-none-embed/8.2.0/../../../../riscv-none-embed/lib/rv32imac/ilp32\libg_nano.a(lib_a-wsetup.o)
 .debug_frame   0x00000000000017dc       0x7c d:/mrs/mounriver/mounriver_studio/toolchain/risc-v embedded gcc/bin/../lib/gcc/riscv-none-embed/8.2.0/../../../../riscv-none-embed/lib/rv32imac/ilp32\libg_nano.a(lib_a-fflush.o)
 .debug_frame   0x0000000000001858      0x148 d:/mrs/mounriver/mounriver_studio/toolchain/risc-v embedded gcc/bin/../lib/gcc/riscv-none-embed/8.2.0/../../../../riscv-none-embed/lib/rv32imac/ilp32\libg_nano.a(lib_a-findfp.o)
 .debug_frame   0x00000000000019a0       0x88 d:/mrs/mounriver/mounriver_studio/toolchain/risc-v embedded gcc/bin/../lib/gcc/riscv-none-embed/8.2.0/../../../../riscv-none-embed/lib/rv32imac/ilp32\libg_nano.a(lib_a-fwalk.o)
 .debug_frame   0x0000000000001a28       0x64 d:/mrs/mounriver/mounriver_studio/toolchain/risc-v embedded gcc/bin/../lib/gcc/riscv-none-embed/8.2.0/../../../../riscv-none-embed/lib/rv32imac/ilp32\libg_nano.a(lib_a-makebuf.o)
 .debug_frame   0x0000000000001a8c       0x40 d:/mrs/mounriver/mounriver_studio/toolchain/risc-v embedded gcc/bin/../lib/gcc/riscv-none-embed/8.2.0/../../../../riscv-none-embed/lib/rv32imac/ilp32\libg_nano.a(lib_a-nano-freer.o)
 .debug_frame   0x0000000000001acc       0x40 d:/mrs/mounriver/mounriver_studio/toolchain/risc-v embedded gcc/bin/../lib/gcc/riscv-none-embed/8.2.0/../../../../riscv-none-embed/lib/rv32imac/ilp32\libg_nano.a(lib_a-nano-mallocr.o)
 .debug_frame   0x0000000000001b0c       0xe0 d:/mrs/mounriver/mounriver_studio/toolchain/risc-v embedded gcc/bin/../lib/gcc/riscv-none-embed/8.2.0/../../../../riscv-none-embed/lib/rv32imac/ilp32\libg_nano.a(lib_a-nano-svfprintf.o)
 .debug_frame   0x0000000000001bec       0xd0 d:/mrs/mounriver/mounriver_studio/toolchain/risc-v embedded gcc/bin/../lib/gcc/riscv-none-embed/8.2.0/../../../../riscv-none-embed/lib/rv32imac/ilp32\libg_nano.a(lib_a-nano-vfprintf.o)
 .debug_frame   0x0000000000001cbc       0x8c d:/mrs/mounriver/mounriver_studio/toolchain/risc-v embedded gcc/bin/../lib/gcc/riscv-none-embed/8.2.0/../../../../riscv-none-embed/lib/rv32imac/ilp32\libg_nano.a(lib_a-nano-vfprintf_i.o)
 .debug_frame   0x0000000000001d48       0x4c d:/mrs/mounriver/mounriver_studio/toolchain/risc-v embedded gcc/bin/../lib/gcc/riscv-none-embed/8.2.0/../../../../riscv-none-embed/lib/rv32imac/ilp32\libg_nano.a(lib_a-putc.o)
 .debug_frame   0x0000000000001d94       0x30 d:/mrs/mounriver/mounriver_studio/toolchain/risc-v embedded gcc/bin/../lib/gcc/riscv-none-embed/8.2.0/../../../../riscv-none-embed/lib/rv32imac/ilp32\libg_nano.a(lib_a-sbrkr.o)
 .debug_frame   0x0000000000001dc4       0xa4 d:/mrs/mounriver/mounriver_studio/toolchain/risc-v embedded gcc/bin/../lib/gcc/riscv-none-embed/8.2.0/../../../../riscv-none-embed/lib/rv32imac/ilp32\libg_nano.a(lib_a-stdio.o)
 .debug_frame   0x0000000000001e68       0x30 d:/mrs/mounriver/mounriver_studio/toolchain/risc-v embedded gcc/bin/../lib/gcc/riscv-none-embed/8.2.0/../../../../riscv-none-embed/lib/rv32imac/ilp32\libg_nano.a(lib_a-writer.o)
 .debug_frame   0x0000000000001e98       0x30 d:/mrs/mounriver/mounriver_studio/toolchain/risc-v embedded gcc/bin/../lib/gcc/riscv-none-embed/8.2.0/../../../../riscv-none-embed/lib/rv32imac/ilp32\libg_nano.a(lib_a-closer.o)
 .debug_frame   0x0000000000001ec8       0x30 d:/mrs/mounriver/mounriver_studio/toolchain/risc-v embedded gcc/bin/../lib/gcc/riscv-none-embed/8.2.0/../../../../riscv-none-embed/lib/rv32imac/ilp32\libg_nano.a(lib_a-fstatr.o)
 .debug_frame   0x0000000000001ef8       0x30 d:/mrs/mounriver/mounriver_studio/toolchain/risc-v embedded gcc/bin/../lib/gcc/riscv-none-embed/8.2.0/../../../../riscv-none-embed/lib/rv32imac/ilp32\libg_nano.a(lib_a-isattyr.o)
 .debug_frame   0x0000000000001f28       0x30 d:/mrs/mounriver/mounriver_studio/toolchain/risc-v embedded gcc/bin/../lib/gcc/riscv-none-embed/8.2.0/../../../../riscv-none-embed/lib/rv32imac/ilp32\libg_nano.a(lib_a-lseekr.o)
 .debug_frame   0x0000000000001f58       0x20 d:/mrs/mounriver/mounriver_studio/toolchain/risc-v embedded gcc/bin/../lib/gcc/riscv-none-embed/8.2.0/../../../../riscv-none-embed/lib/rv32imac/ilp32\libg_nano.a(lib_a-memchr.o)
 .debug_frame   0x0000000000001f78       0x20 d:/mrs/mounriver/mounriver_studio/toolchain/risc-v embedded gcc/bin/../lib/gcc/riscv-none-embed/8.2.0/../../../../riscv-none-embed/lib/rv32imac/ilp32\libg_nano.a(lib_a-memcpy.o)
 .debug_frame   0x0000000000001f98       0x20 d:/mrs/mounriver/mounriver_studio/toolchain/risc-v embedded gcc/bin/../lib/gcc/riscv-none-embed/8.2.0/../../../../riscv-none-embed/lib/rv32imac/ilp32\libg_nano.a(lib_a-memmove.o)
 .debug_frame   0x0000000000001fb8       0x30 d:/mrs/mounriver/mounriver_studio/toolchain/risc-v embedded gcc/bin/../lib/gcc/riscv-none-embed/8.2.0/../../../../riscv-none-embed/lib/rv32imac/ilp32\libg_nano.a(lib_a-mlock.o)
 .debug_frame   0x0000000000001fe8       0x40 d:/mrs/mounriver/mounriver_studio/toolchain/risc-v embedded gcc/bin/../lib/gcc/riscv-none-embed/8.2.0/../../../../riscv-none-embed/lib/rv32imac/ilp32\libg_nano.a(lib_a-nano-reallocr.o)
 .debug_frame   0x0000000000002028       0x30 d:/mrs/mounriver/mounriver_studio/toolchain/risc-v embedded gcc/bin/../lib/gcc/riscv-none-embed/8.2.0/../../../../riscv-none-embed/lib/rv32imac/ilp32\libg_nano.a(lib_a-readr.o)
 .debug_frame   0x0000000000002058       0x70 d:/mrs/mounriver/mounriver_studio/toolchain/risc-v embedded gcc/bin/../lib/gcc/riscv-none-embed/8.2.0/../../../../riscv-none-embed/lib/rv32imac/ilp32\libg_nano.a(lib_a-reent.o)
 .debug_frame   0x00000000000020c8       0x20 d:/mrs/mounriver/mounriver_studio/toolchain/risc-v embedded gcc/bin/../lib/gcc/riscv-none-embed/8.2.0/../../../../riscv-none-embed/lib/rv32imac/ilp32\libg_nano.a(lib_a-nano-msizer.o)
 .debug_frame   0x00000000000020e8       0x20 d:/mrs/mounriver/mounriver_studio/toolchain/risc-v embedded gcc/bin/../lib/gcc/riscv-none-embed/8.2.0/../../../../riscv-none-embed/lib/rv32imac/ilp32\libnosys.a(close.o)
 .debug_frame   0x0000000000002108       0x20 d:/mrs/mounriver/mounriver_studio/toolchain/risc-v embedded gcc/bin/../lib/gcc/riscv-none-embed/8.2.0/../../../../riscv-none-embed/lib/rv32imac/ilp32\libnosys.a(fstat.o)
 .debug_frame   0x0000000000002128       0x20 d:/mrs/mounriver/mounriver_studio/toolchain/risc-v embedded gcc/bin/../lib/gcc/riscv-none-embed/8.2.0/../../../../riscv-none-embed/lib/rv32imac/ilp32\libnosys.a(isatty.o)
 .debug_frame   0x0000000000002148       0x20 d:/mrs/mounriver/mounriver_studio/toolchain/risc-v embedded gcc/bin/../lib/gcc/riscv-none-embed/8.2.0/../../../../riscv-none-embed/lib/rv32imac/ilp32\libnosys.a(lseek.o)
 .debug_frame   0x0000000000002168       0x20 d:/mrs/mounriver/mounriver_studio/toolchain/risc-v embedded gcc/bin/../lib/gcc/riscv-none-embed/8.2.0/../../../../riscv-none-embed/lib/rv32imac/ilp32\libnosys.a(read.o)

.debug_loc      0x0000000000000000     0x5543
 .debug_loc     0x0000000000000000     0x158c ./User/lcd.o
 .debug_loc     0x000000000000158c      0x29b ./User/main.o
 .debug_loc     0x0000000000001827       0xe5 ./User/system_ch32v30x.o
 .debug_loc     0x000000000000190c      0x19a ./Peripheral/src/ch32v30x_dma.o
 .debug_loc     0x0000000000001aa6      0x454 ./Peripheral/src/ch32v30x_fsmc.o
 .debug_loc     0x0000000000001efa      0x67b ./Peripheral/src/ch32v30x_gpio.o
 .debug_loc     0x0000000000002575       0xce ./Peripheral/src/ch32v30x_misc.o
 .debug_loc     0x0000000000002643      0xa54 ./Peripheral/src/ch32v30x_rcc.o
 .debug_loc     0x0000000000003097     0x1b0c ./Peripheral/src/ch32v30x_tim.o
 .debug_loc     0x0000000000004ba3      0x7f8 ./Peripheral/src/ch32v30x_usart.o
 .debug_loc     0x000000000000539b      0x1a8 ./Debug/debug.o

.stab           0x0000000000000000       0x84
 .stab          0x0000000000000000       0x24 d:/mrs/mounriver/mounriver_studio/toolchain/risc-v embedded gcc/bin/../lib/gcc/riscv-none-embed/8.2.0/../../../../riscv-none-embed/lib/rv32imac/ilp32\libnosys.a(close.o)
 .stab          0x0000000000000024       0x18 d:/mrs/mounriver/mounriver_studio/toolchain/risc-v embedded gcc/bin/../lib/gcc/riscv-none-embed/8.2.0/../../../../riscv-none-embed/lib/rv32imac/ilp32\libnosys.a(fstat.o)
                                         0x24 (size before relaxing)
 .stab          0x000000000000003c       0x18 d:/mrs/mounriver/mounriver_studio/toolchain/risc-v embedded gcc/bin/../lib/gcc/riscv-none-embed/8.2.0/../../../../riscv-none-embed/lib/rv32imac/ilp32\libnosys.a(isatty.o)
                                         0x24 (size before relaxing)
 .stab          0x0000000000000054       0x18 d:/mrs/mounriver/mounriver_studio/toolchain/risc-v embedded gcc/bin/../lib/gcc/riscv-none-embed/8.2.0/../../../../riscv-none-embed/lib/rv32imac/ilp32\libnosys.a(lseek.o)
                                         0x24 (size before relaxing)
 .stab          0x000000000000006c       0x18 d:/mrs/mounriver/mounriver_studio/toolchain/risc-v embedded gcc/bin/../lib/gcc/riscv-none-embed/8.2.0/../../../../riscv-none-embed/lib/rv32imac/ilp32\libnosys.a(read.o)
                                         0x24 (size before relaxing)

.stabstr        0x0000000000000000      0x117
 .stabstr       0x0000000000000000      0x117 d:/mrs/mounriver/mounriver_studio/toolchain/risc-v embedded gcc/bin/../lib/gcc/riscv-none-embed/8.2.0/../../../../riscv-none-embed/lib/rv32imac/ilp32\libnosys.a(close.o)
